[20:25Z] START web-scan (5 chu de)
[20:26Z] baseline xong, giao 4 agent
[20:42Z] 4 agent xong: Noibo 4, Uc-BienDong 5, CNQS 6(2 trung URL), Mali 2, Predator 0
[20:46Z] DONE: +13 tin (NoiboMy 3, Uc-BienDong 5, CNQS 4, Mali 1, Predator 0)
[21:44Z] LƯỢT BỔ SUNG (Huy yêu cầu quét lại): +6 tin My (CNQS 5, Mali 1); Noibo 0 (Ha vien nghi he), Uc-BienDong 0 (trung/cu), Predator 0

=== PHIÊN TỐI 22:00 (web-scan, o `toi`) 25/07/2026 ===
[15:04Z] START web-scan phien toi (5 chu de) — claim RUN, da giu khoa
[15:20Z] 5 agent xong: NoiboMy 0 (QH nghi August recess + thu Bay), Uc-BienDong 3, CNQS My 9, Mali 1, Predator 0, BaoMoi 2 (bai da luu)
[15:32Z] add_news 2 lo (neo ngay khac nhau: lo1 date=24/07 cho tin 23-24/07, lo2 date=25/07 cho tin 25/07): +14 tin = TG 2, My 10, BaoMoi 2. generatedAt=2026-07-25. Bo qua canh bao "SAN CUNG 15+15" + "category thieu" (di san cu, phạm vi moi la 5 chu de).
[15:45Z] Luot BO SUNG chu de Uc-Bien Dong (khung 48h): agent tra 4 tin, giu 3 (VN keu goi kiem che Bai Co May, Dai Loan 10 nam phan quyet PCA, MMCA Nhat-Phi-My), loai 1 (HMAS Choules — nguon mirror Mirage News, gia tri thap). Nap qua 2 lo nua (date 24/07 + 25/07).
[15:52Z] KIEM TRUNG SU KIEN sau khi nap: phat hien 2 tin TRUNG su kien nhung khac URL nen guardrail khong bat -> XOA bang prune_news.py: (1) Osborne 4,6 ty AUD == "Australia dau tu them 3,2 ty USD AUKUS" da co; (2) CoAspire/CHAOS == "Hai quan My trao 70 trieu USD ... CHAOS" (Naval News 22/7) da co.
[15:55Z] SUA _addedDate: 11 tin nap qua lo neo date=24/07 bi mang _addedDate=2026-07-24, ma make_docx.py loc CUNG (_addedDate == generatedAt, khong co fallback) -> se roi khoi file Word. Da patch _addedDate=2026-07-25. DATA parse OK.
[15:25Z] review: LOAI 1 tin (USS George Washington qua eo Luzon — link la trang ANH DVIDS, anh chup 21/7 ngoai khung). Sua nguon tin Osborne (asa.gov.au timeout, doi sang Defence Connect da fetch xac nhan). Sua ngay tin Han Quoc/TAC: 25/7 chu khong phai 24/7. Bo TASS lam nguon tin EU tich thu dau Nga (truyen thong nha nuoc Nga, khong dung cho su kien ben thu ba) -> giu link Bao Moi. Da fetch xac nhan: Defence Connect, Semafor, TWZ, Defense Daily, VietnamPlus, DVIDS.
[15:58Z] DONE phien toi: +15 tin = Uc/Bien Dong 4 (Han Quoc TAC/UNCLOS, VN Bai Co May, Dai Loan PCA, MMCA Nhat-Phi-My) · CNQS My 8 · Mali 1 · BaoMoi da luu 2 · Noi bo My 0 (QH nghi August recess tu 24/7 + thu Bay, agent quet ca 48h van khong co dieu tran/bo phieu du luat nao sach) · Predator 0 (khong co dien bien moi, tap tran ket thuc ~29/7).

=== PHIÊN SÁNG (event-scan) 25/07/2026 10:09 ===
- Sự kiện ngoại giao MỚI: 1 — "Canada - Ecuador ký Hiệp định Thương mại Tự do (FTA)" (ký 24/7 tại Ottawa, 29 chương, miễn thuế 99,6% hàng Ecuador; nguồn Xinhua).
- Cập nhật dipEvents: 1 item — AMM-59/TAC Manila: Thụy Điển, Ba Lan, Romania, Litva ký gia nhập TAC (24/7, nâng lên 58 bên; nguồn VietnamPlus/TTXVN).
- Tập trận: 0 diễn biến mới. Predator's Run 2026 / RIMPAC 2026 / Joint Sea-2026 không có tin mới trong khung 24-25/7 (các bài tìm được đều là sự kiện cũ đăng lại, ngoài khung 48h).
- KHÔNG phải Chủ Nhật (thứ 7) → không chạy báo cáo tuần.
- Bị loại tự động: +10 mục; prune -63 mục cũ quá 2 ngày.
- Ghi chú: ARF thông qua "Manila Plan of Action 2026-2036" bị bỏ vì ngày 23/7, ngoài khung MAX_AGE_DAYS.

=== event-scan mốc dự phòng 09:45 (chạy 10:12 giờ VN) ===
SKIP — state.py claim trả exit 10: phiên sáng 08:45 hôm nay đã hoàn tất lúc 10:09:07+07:00. Không quét lại, không nạp tin, không báo cáo tuần (thứ 7).
